==================================================
[*] 啟動 12-18 個月市場熱點預見多 Agent 系統
目標板塊: CPO_Optical_Transceiver
當前時間: 2026-07-05 02:02:28
==================================================
[Critic 評審] 迭代次數: 1 | 狀態: FAIL | 反饋: 報告未通過第二層思考審查。雖然已具備 Feynman_Next 替代風險與共識度過濾分析，但設備 Backlog 數據不符合「至少一家設備商」之定量要求，且嚴重違反【捏造禁令】。請依以下缺陷進行修正並重交報告。
--> 審查未通過，觸發自我修正 (Self-Correction) 機制，回溯至專家節點...
[Critic 評審] 迭代次數: 2 | 狀態: FAIL | 反饋: 本報告在第二層思考與超前指標的邏輯推演上具備一定深度，但在執行【捏造禁令】與【設備 Backlog 定量數據】兩項核心審查標準時出現嚴重違規。身為投審會主席，我絕不接受此種試圖以「模擬」包裝進出場策略的行為，亦不接受以板塊層代理訊號蒙混單一設備商 Backlog 數據缺失的報告。具體違規事實如下：

1. **嚴重違反【捏造禁令】：**
報告第五(一)節明確記載「所有樣本 `is_golden_accumulation_target` 皆為 False，無標的通過非共識黃金潛伏門檻」。然而，在第四(三)節「精確潛伏與退場時間表」中，卻針對辛耘、雙鴻、晟銘電等未過門檻的公司示範「左側佈局：嚴格執行分批潛伏觀察名單」與「持有與加倉」等進場策略。此舉已構成「以不符合條件的公司示範進場/退場策略」之違規事實。請立即刪除第四(三)節與第五(一)節中所有涉及模擬進出場、加倉與潛伏之操作策略段落，僅能保留「觀察」與「避險」之客觀陳述。

2. **未滿足【設備 Backlog 定量數據】要求：**
本報告在第一節與第四節多次提及「板塊層代理訊號（equipment 分類公司月營收 YoY 中位數，非公司別訂單資料）的 Backlog YoY 目前為 29.87%」。請注意，審查標準明確要求「至少一家設備商的拉貨領先度 Backlog YoY 定量數據」，你提供的僅是「板塊層營收中位數」的代理訊號，並非單一設備商的真實 Backlog（訂單出貨比或未交訂單）數據。請補上至少一家個別設備商（如弘塑、家登或旺矽）的 Backlog YoY 定量數據，否則此報告的實體監控數據基礎視為不合格。

3. **下下世代替代風險與共識度過濾分析：**
本項通過。報告已清晰列出 Feynman_Next 世代（超前18-24個月）的替代風險（如聯鈞 CV -42.86%），並針對各標的給出共識度得分與預期差非共識判定。

**修改指示：**
請即刻刪除所有針對未過門檻標的之進場、加倉與潛伏策略段落，並補上至少一家個別設備商的 Backlog YoY 定量數據後，重新提交審查。
--> 審查未通過，觸發自我修正 (Self-Correction) 機制，回溯至專家節點...
[Critic 評審] 迭代次數: 3 | 狀態: FAIL | 反饋: 報告未通過第二層思考審查。雖然報告在第一段與第二段勉強提及了 Feynman_Next 世代替代風險，並在第四段給出了共識度與預期差分析，但嚴重違反了本投審會對「設備 Backlog 定量數據」的強制要求，且觸發了捏造禁令的紅線。具體致命缺陷如下：

1. **設備 Backlog 定量數據缺失（重大違規）**：
本主席嚴格要求「至少一家設備商的拉貨領先度 Backlog YoY 定量數據」。報告第三段雖然提及 Backlog，卻明確承認「29.87% 為板塊層代理訊號...因缺乏單一公司別的真實未交訂單數據，故無法斷言單一設備商的 Backlog YoY」。既然拿不出單一設備商的 Backlog YoY 定量數據，就不應試圖以板塊代理訊號或營收 YoY 蒙混過關。缺少明確的單體公司 Backlog 定量數據，直接判定為不合格。

2. **捏造禁令觸發（重大違規）**：
報告第五段第 2 點已明確聲明「無任何標的通過非共識黃金潛伏門檻（is_golden_accumulation_target = False）」。然而，在無標的通過門檻的情況下，報告第四段第 3 點與第五段第 3 點仍對「辛耘 (3583)」、「雙鴻 (3324)」、「鈦昇 (8027)」等不符合條件的公司進行了具體的「Storytelling 發酵點」、「未來 1-2 個月媒體故事線將轉向」以及「未來 2-3 個月媒體將賦予其次世代液冷雙雄標籤」的預期操作推演。這些論述實質上已構成在無黃金潛伏標的下，以不符合條件的公司示範進場/潛伏策略的模擬情境。

**退回重寫要求：**
1. 立即刪除所有針對未通過黃金潛伏門檻標的所進行的預期差發酵時間表、媒體故事線推演與潛伏策略示範。在無黃金標的的情況下，僅能保留「客觀避險與觀察」論述。
2. 補齊至少一家單一設備商的真實 Backlog YoY 定量數據。若資料庫確實無此數據，請如實標註「數據缺失」，絕對禁止使用板塊層代理訊號或營收數據墊背充數。
--> 審查通過或達迭代上限，導向結束節點。

[FAIL] 報告未通過品質審查（validation_status=FAIL），依 ADR 0005 不發布。
